<html>
<body>
<pre>
<h1>µVision Build Log</h1>
<h2>Tool Versions:</h2>
IDE-Version: ¦ÌVision V5.30.0.0
Copyright (C) 2020 ARM Ltd and ARM Germany GmbH. All rights reserved.
License Information: 1 1, 1, LIC=HN0AE-52ITX-QDDKD-86PE9-7NG0Y-YIAVG
 
Tool Versions:
Toolchain:       MDK-ARM Plus  Version: 5.30.0.0
Toolchain Path:  D:\Keil_v5\ARM\ARMCC\Bin
C Compiler:      Armcc.exe V5.06 update 6 (build 750)
Assembler:       Armasm.exe V5.06 update 6 (build 750)
Linker/Locator:  ArmLink.exe V5.06 update 6 (build 750)
Library Manager: ArmAr.exe V5.06 update 6 (build 750)
Hex Converter:   FromElf.exe V5.06 update 6 (build 750)
CPU DLL:         SARMCM3.DLL V5.30.0.0
Dialog DLL:      DCM.DLL V1.17.3.0
Target DLL:      Segger\JL2CM3.dll V2.99.38.0
Dialog DLL:      TCM.DLL V1.42.0.0
 
<h2>Project:</h2>
F:\BaiduNetdiskDownload\stm32f407 -template - 2\mdk\stm32f407.uvprojx
Project File Date:  10/25/2025

<h2>Output:</h2>
*** Using Compiler 'V5.06 update 6 (build 750)', folder: 'D:\Keil_v5\ARM\ARMCC\Bin'
Rebuild target 'demo'
compiling font_CN24.c...
compiling font_maple_16.c...
compiling font_maple_24.c...
compiling font_maple_50.c...
compiling font_maple_64.c...
compiling font_maple_32.c...
compiling main.c...
compiling board.c...
compiling app.c...
compiling font_maple_40.c...
compiling 0.c...
compiling 1.c...
compiling 2.c...
compiling 3.c...
compiling 4.c...
compiling 5.c...
compiling 6.c...
compiling 7.c...
compiling 9.c...
compiling 8.c...
compiling 11.c...
compiling 10.c...
compiling 13.c...
compiling 12.c...
compiling 14.c...
compiling 15.c...
compiling 16.c...
compiling 17.c...
compiling 18.c...
compiling 19.c...
compiling 20.c...
compiling 21.c...
compiling 22.c...
compiling 23.c...
compiling 25.c...
compiling 24.c...
compiling 27.c...
compiling 26.c...
compiling 28.c...
compiling 29.c...
compiling 31.c...
compiling 30.c...
compiling 33.c...
compiling 32.c...
compiling 34.c...
compiling 35.c...
compiling 36.c...
compiling 37.c...
compiling 38.c...
compiling error.c...
compiling humi.c...
compiling rabbit.c...
compiling temp.c...
compiling wifi.c...
compiling wifi_mini.c...
compiling delay.c...
compiling led.c...
compiling debug.c...
compiling lcd.c...
compiling weather.c...
compiling esp_uart.c...
compiling esp_at.c...
compiling rtc.c...
compiling log.c...
assembling startup_stm32f40_41xxx.s...
compiling font.c...
compiling aht20.c...
compiling ui.c...
..\driver\ui\ui.c(117): warning:  #186-D: pointless comparison of unsigned integer with zero
          if (now_time.weekday >= 0 && now_time.weekday < 7) {
..\driver\ui\ui.c: 1 warning, 0 errors
compiling stm32f4xx_it.c...
compiling system_stm32f4xx.c...
compiling misc.c...
compiling stm32f4xx_adc.c...
compiling stm32f4xx_can.c...
compiling stm32f4xx_crc.c...
compiling stm32f4xx_cec.c...
compiling stm32f4xx_cryp.c...
compiling stm32f4xx_cryp_tdes.c...
compiling stm32f4xx_cryp_des.c...
compiling stm32f4xx_cryp_aes.c...
compiling stm32f4xx_dac.c...
compiling stm32f4xx_dbgmcu.c...
compiling stm32f4xx_dfsdm.c...
compiling stm32f4xx_dcmi.c...
compiling stm32f4xx_dma.c...
compiling stm32f4xx_dsi.c...
compiling stm32f4xx_exti.c...
compiling stm32f4xx_dma2d.c...
compiling stm32f4xx_flash.c...
compiling stm32f4xx_fmpi2c.c...
compiling stm32f4xx_flash_ramfunc.c...
compiling stm32f4xx_gpio.c...
compiling stm32f4xx_fsmc.c...
compiling stm32f4xx_hash_sha1.c...
compiling stm32f4xx_hash_md5.c...
compiling stm32f4xx_hash.c...
compiling stm32f4xx_i2c.c...
compiling stm32f4xx_iwdg.c...
compiling stm32f4xx_lptim.c...
compiling stm32f4xx_pwr.c...
compiling stm32f4xx_ltdc.c...
compiling stm32f4xx_qspi.c...
compiling stm32f4xx_rng.c...
compiling stm32f4xx_rcc.c...
compiling stm32f4xx_rtc.c...
compiling stm32f4xx_sai.c...
compiling stm32f4xx_sdio.c...
compiling stm32f4xx_spdifrx.c...
compiling stm32f4xx_spi.c...
compiling stm32f4xx_syscfg.c...
compiling stm32f4xx_usart.c...
compiling stm32f4xx_wwdg.c...
compiling stm32f4xx_tim.c...
linking...
Program Size: Code=37068 RO-data=236800 RW-data=64620 ZI-data=2252  
FromELF: creating hex file...
".\Objects\stm32f407.axf" - 0 Error(s), 1 Warning(s).

<h2>Software Packages used:</h2>

Package Vendor: Keil
                https://www.keil.com/pack/Keil.STM32F4xx_DFP.3.0.0.pack
                Keil.STM32F4xx_DFP.3.0.0
                STMicroelectronics STM32F4 Series Device Support

<h2>Collection of Component include folders:</h2>
  .\RTE\_demo

<h2>Collection of Component Files used:</h2>
Build Time Elapsed:  00:00:41
</pre>
</body>
</html>
